I'm sorry, but errors were detected in your script. Please correct the
errors listed below, and try again.


File "game/script.rpy", line 25: Line is indented, but the preceding show statement statement does not expect a block. Please check this line's indentation. You may have forgotten a colon (:).
    align (0.5, 0.5)
    ^

Ren'Py Version: Ren'Py 8.1.3.23091805
Wed Jan 24 17:29:49 2024
